// Game: Toonbox
// Format: Standard
// entity 0
{
"classname" "worldspawn"
"_tb_textures" "textures/blockout"
// brush 0
{
( -128 -64 -16 ) ( -128 -63 -16 ) ( -128 -64 -15 ) blockout/black_check 0 0 0 1 1
( -64 -128 -16 ) ( -64 -128 -15 ) ( -63 -128 -16 ) blockout/black_check 0 0 0 1 1
( -64 -64 -16 ) ( -63 -64 -16 ) ( -64 -63 -16 ) blockout/black_check 0 0 0 1 1
( 64 64 16 ) ( 64 65 16 ) ( 65 64 16 ) blockout/black_check 0 0 0 1 1
( 64 128 16 ) ( 65 128 16 ) ( 64 128 17 ) blockout/black_check 0 0 0 1 1
( 128 64 16 ) ( 128 64 17 ) ( 128 65 16 ) blockout/black_check 0 0 0 1 1
}
// brush 1
{
( -144 0 0 ) ( -144 1 0 ) ( -144 0 1 ) blockout/black_check 0 0 0 1 1
( -144 0 0 ) ( -144 0 1 ) ( -143 0 0 ) blockout/black_check 0 0 0 1 1
( -144 0 0 ) ( -143 0 0 ) ( -144 1 0 ) blockout/black_check 0 0 0 1 1
( -128 64 64 ) ( -128 65 64 ) ( -127 64 64 ) blockout/black_check 0 0 0 1 1
( -128 64 16 ) ( -127 64 16 ) ( -128 64 17 ) blockout/black_check 0 0 0 1 1
( -128 64 16 ) ( -128 64 17 ) ( -128 65 16 ) blockout/black_check 0 0 0 1 1
}
// brush 2
{
( -144 0 64 ) ( -144 1 64 ) ( -144 0 65 ) blockout/black_check 0 0 0 1 1
( -144 0 64 ) ( -144 0 65 ) ( -143 0 64 ) blockout/black_check 0 0 0 1 1
( -144 0 64 ) ( -143 0 64 ) ( -144 1 64 ) blockout/black_check 0 0 0 1 1
( -128 64 80 ) ( -128 65 80 ) ( -127 64 80 ) blockout/black_check 0 0 0 1 1
( -128 64 80 ) ( -127 64 80 ) ( -128 64 81 ) blockout/black_check 0 0 0 1 1
( -64 64 80 ) ( -64 64 81 ) ( -64 65 80 ) blockout/black_check 0 0 0 1 1
}
}
// entity 1
{
"classname" "an_day"
"origin" "-56 56 24"
}
// entity 2
{
"classname" "ev_day"
"origin" "-40 56 24"
}
// entity 3
{
"classname" "sp_player"
"origin" "40 -40 24"
}
// entity 4
{
"classname" "wp_pistol"
"origin" "72 72 24"
}
// entity 5
{
"classname" "wp_dartgun"
"origin" "56 72 24"
}
// entity 6
{
"classname" "wp_pbgun"
"origin" "40 72 24"
}
// entity 7
{
"classname" "ai_imagebot"
"origin" "-88 88 24"
}
// entity 8
{
"classname" "ai_bot"
"origin" "-88 -88 24"
}
// entity 9
{
"classname" "light"
"origin" "-96 32 56"
}
